../Core/Src/stm32f4xx_it.c:70:6:NMI_Handler	4	static
../Core/Src/stm32f4xx_it.c:83:6:HardFault_Handler	4	static
../Core/Src/stm32f4xx_it.c:96:6:MemManage_Handler	4	static
../Core/Src/stm32f4xx_it.c:109:6:BusFault_Handler	4	static
../Core/Src/stm32f4xx_it.c:122:6:UsageFault_Handler	8	static
../Core/Src/stm32f4xx_it.c:137:6:SVC_Handler	4	static
../Core/Src/stm32f4xx_it.c:149:6:DebugMon_Handler	4	static
../Core/Src/stm32f4xx_it.c:161:6:PendSV_Handler	4	static
../Core/Src/stm32f4xx_it.c:173:6:SysTick_Handler	8	static
../Core/Src/stm32f4xx_it.c:193:6:DMA1_Stream5_IRQHandler	8	static
../Core/Src/stm32f4xx_it.c:206:6:DMA1_Stream6_IRQHandler	8	static
