../Core/Src/main.c:81:5:main	192	static
../Core/Src/main.c:177:6:SystemClock_Config	88	static
../Core/Src/main.c:221:13:MX_USART2_UART_Init	8	static
../Core/Src/main.c:252:13:MX_GPIO_Init	48	static
../Core/Src/main.c:304:6:StartDefaultTask	16	static
../Core/Src/main.c:321:6:StartTask02	16	static
../Core/Src/main.c:338:6:StartTask03	16	static
../Core/Src/main.c:355:6:StartTask04	16	static
../Core/Src/main.c:372:6:StartTask05	88	static
../Core/Src/main.c:403:6:StartTask06	88	static
../Core/Src/main.c:429:6:Error_Handler	4	static,ignoring_inline_asm
