../Core/Src/main.c:86:5:main	264	static
../Core/Src/main.c:196:6:SystemClock_Config	88	static
../Core/Src/main.c:243:13:MX_USART2_UART_Init	8	static
../Core/Src/main.c:276:13:MX_GPIO_Init	48	static
../Core/Src/main.c:329:6:StartDefaultTask	16	static
../Core/Src/main.c:347:6:StartTask02	16	static
../Core/Src/main.c:365:6:StartTask03	16	static
../Core/Src/main.c:383:6:StartTask04	16	static
../Core/Src/main.c:401:6:StartTask05	16	static
../Core/Src/main.c:433:6:StartTask06	16	static
../Core/Src/main.c:463:6:StartTask07	16	static
../Core/Src/main.c:481:6:StartTask08	16	static
../Core/Src/main.c:496:6:Error_Handler	4	static,ignoring_inline_asm
