14:17:56 **** Incremental Build of configuration Debug for project SPI ****
make -j12 all 
arm-none-eabi-gcc "../Core/Src/main.c" -mcpu=cortex-m4 -std=gnu11 -g3 -DDEBUG -DUSE_HAL_DRIVER -DSTM32F411xE -c -I../Core/Inc -I../Drivers/STM32F4xx_HAL_Driver/Inc -I../Drivers/STM32F4xx_HAL_Driver/Inc/Legacy -I../Drivers/CMSIS/Device/ST/STM32F4xx/Include -I../Drivers/CMSIS/Include -O0 -ffunction-sections -fdata-sections -Wall -fstack-usage -fcyclomatic-complexity -MMD -MP -MF"Core/Src/main.d" -MT"Core/Src/main.o" --specs=nano.specs -mfpu=fpv4-sp-d16 -mfloat-abi=hard -mthumb -o "Core/Src/main.o"
arm-none-eabi-gcc -o "SPI.elf" @"objects.list"   -mcpu=cortex-m4 -T"C:\Awork\y2s2\embbeded_system\LAB05\SPI\STM32F411RETX_FLASH.ld" --specs=nosys.specs -Wl,-Map="SPI.map" -Wl,--gc-sections -static --specs=nano.specs -mfpu=fpv4-sp-d16 -mfloat-abi=hard -mthumb -Wl,--start-group -lc -lm -Wl,--end-group
Finished building target: SPI.elf
 
arm-none-eabi-size  SPI.elf 
arm-none-eabi-objdump -h -S SPI.elf  > "SPI.list"
   text	   data	    bss	    dec	    hex	filename
  10400	     20	   1732	  12152	   2f78	SPI.elf
Finished building: default.size.stdout
 
Finished building: SPI.list
 

14:17:56 Build Finished. 0 errors, 0 warnings. (took 614ms)

