../Core/Src/main.c:65:6:BlinkGreenLED	8	static
../Core/Src/main.c:69:6:BlinkRedLED	8	static
../Core/Src/main.c:73:6:PrintEventCounts	64	static
../Core/Src/main.c:81:6:HAL_TIM_PeriodElapsedCallback	16	static
../Core/Src/main.c:112:5:main	8	static
../Core/Src/main.c:157:6:SystemClock_Config	88	static
../Core/Src/main.c:196:13:MX_TIM1_Init	96	static
../Core/Src/main.c:268:13:MX_USART2_UART_Init	8	static
../Core/Src/main.c:299:13:MX_GPIO_Init	48	static
../Core/Src/main.c:342:6:Error_Handler	4	static,ignoring_inline_asm
