../Core/Src/main.c:91:5:main	232	static
../Core/Src/main.c:191:6:SystemClock_Config	88	static
../Core/Src/main.c:235:13:MX_USART2_UART_Init	8	static
../Core/Src/main.c:266:13:MX_GPIO_Init	48	static
../Core/Src/main.c:318:6:StartDefaultTask	16	static
../Core/Src/main.c:335:6:StartTask02	16	static
../Core/Src/main.c:352:6:StartTask03	16	static
../Core/Src/main.c:369:6:StartTask04	16	static
../Core/Src/main.c:386:6:StartTask05	136	static
../Core/Src/main.c:410:6:StartTask06	136	static
../Core/Src/main.c:434:6:StartTask07	144	static
../Core/Src/main.c:456:6:Error_Handler	4	static,ignoring_inline_asm
